Archive member included to satisfy reference by file (symbol)

../libopencm3/lib/libopencm3_stm32f4.a(gpio_common_f0234.o)
                              ../app/src/firmware.o (gpio_mode_setup)
../libopencm3/lib/libopencm3_stm32f4.a(rcc_common_all.o)
                              ../app/src/firmware.o (rcc_periph_clock_enable)
../libopencm3/lib/libopencm3_stm32f4.a(rcc.o)
                              ../shared/src/core/system.o (rcc_clock_setup_pll)
../libopencm3/lib/libopencm3_stm32f4.a(timer_common_all.o)
                              ../app/src/timer.o (timer_set_mode)
../libopencm3/lib/libopencm3_stm32f4.a(usart_common_all.o)
                              ../shared/src/core/uart.o (usart_set_baudrate)
../libopencm3/lib/libopencm3_stm32f4.a(usart_common_f124.o)
                              ../libopencm3/lib/libopencm3_stm32f4.a(usart_common_all.o) (usart_send)
../libopencm3/lib/libopencm3_stm32f4.a(vector.o)
                              (reset_handler)
../libopencm3/lib/libopencm3_stm32f4.a(systick.o)
                              ../shared/src/core/system.o (systick_set_frequency)
../libopencm3/lib/libopencm3_stm32f4.a(nvic.o)
                              ../shared/src/core/uart.o (nvic_enable_irq)
../libopencm3/lib/libopencm3_stm32f4.a(flash_common_all.o)
                              ../libopencm3/lib/libopencm3_stm32f4.a(rcc.o) (flash_set_ws)
../libopencm3/lib/libopencm3_stm32f4.a(flash_common_idcache.o)
                              ../libopencm3/lib/libopencm3_stm32f4.a(rcc.o) (flash_dcache_enable)
../libopencm3/lib/libopencm3_stm32f4.a(pwr.o)
                              ../libopencm3/lib/libopencm3_stm32f4.a(rcc.o) (pwr_set_vos_scale)

Discarded input sections

 .group         0x00000000        0xc ../app/src/firmware.o
 .group         0x00000000        0xc ../app/src/firmware.o
 .group         0x00000000        0xc ../app/src/firmware.o
 .group         0x00000000        0xc ../app/src/firmware.o
 .group         0x00000000        0xc ../app/src/firmware.o
 .group         0x00000000        0xc ../app/src/firmware.o
 .group         0x00000000        0xc ../app/src/firmware.o
 .group         0x00000000        0xc ../app/src/firmware.o
 .group         0x00000000        0xc ../app/src/firmware.o
 .group         0x00000000        0xc ../app/src/firmware.o
 .group         0x00000000        0xc ../app/src/firmware.o
 .group         0x00000000        0xc ../app/src/firmware.o
 .group         0x00000000        0xc ../app/src/firmware.o
 .group         0x00000000        0xc ../app/src/firmware.o
 .group         0x00000000        0xc ../app/src/firmware.o
 .group         0x00000000        0xc ../app/src/firmware.o
 .group         0x00000000        0xc ../app/src/firmware.o
 .group         0x00000000        0xc ../app/src/firmware.o
 .group         0x00000000        0xc ../app/src/firmware.o
 .group         0x00000000        0xc ../app/src/firmware.o
 .group         0x00000000        0xc ../app/src/firmware.o
 .group         0x00000000        0xc ../app/src/firmware.o
 .group         0x00000000        0xc ../app/src/firmware.o
 .group         0x00000000        0xc ../app/src/firmware.o
 .group         0x00000000        0xc ../app/src/firmware.o
 .group         0x00000000        0xc ../app/src/firmware.o
 .group         0x00000000        0xc ../app/src/firmware.o
 .group         0x00000000        0xc ../app/src/firmware.o
 .group         0x00000000        0xc ../app/src/firmware.o
 .group         0x00000000        0xc ../app/src/firmware.o
 .group         0x00000000        0xc ../app/src/firmware.o
 .group         0x00000000        0xc ../app/src/firmware.o
 .group         0x00000000        0xc ../app/src/firmware.o
 .group         0x00000000        0xc ../app/src/firmware.o
 .group         0x00000000        0xc ../app/src/firmware.o
 .group         0x00000000        0xc ../app/src/firmware.o
 .group         0x00000000        0xc ../app/src/firmware.o
 .group         0x00000000        0xc ../app/src/firmware.o
 .group         0x00000000        0xc ../app/src/firmware.o
 .group         0x00000000        0xc ../app/src/firmware.o
 .group         0x00000000        0xc ../app/src/firmware.o
 .group         0x00000000        0xc ../app/src/firmware.o
 .group         0x00000000        0xc ../app/src/firmware.o
 .group         0x00000000        0xc ../app/src/firmware.o
 .group         0x00000000        0xc ../app/src/firmware.o
 .group         0x00000000        0xc ../app/src/firmware.o
 .text          0x00000000        0x0 ../app/src/firmware.o
 .data          0x00000000        0x0 ../app/src/firmware.o
 .bss           0x00000000        0x0 ../app/src/firmware.o
 .group         0x00000000        0xc ../shared/src/core/system.o
 .group         0x00000000        0xc ../shared/src/core/system.o
 .group         0x00000000        0xc ../shared/src/core/system.o
 .group         0x00000000        0xc ../shared/src/core/system.o
 .group         0x00000000        0xc ../shared/src/core/system.o
[...]
Memory Configuration

Name             Origin             Length             Attributes
rom              0x08000000         0x00080000         xr
ram              0x20000000         0x00018000         xrw
*default*        0x00000000         0xffffffff

Linker script and memory map

LOAD ../app/src/firmware.o
LOAD ../shared/src/core/system.o
LOAD ../app/src/timer.o
LOAD ../app/src/bootloader.o
LOAD ../shared/src/core/uart.o
LOAD ../shared/src/core/ring_buffer.o
LOAD ../libopencm3/lib/libopencm3_stm32f4.a
START GROUP
LOAD /opt/gcc-arm-none-eabi/bin/../lib/gcc/arm-none-eabi/13.3.1/../../../../arm-none-eabi/lib/thumb/v7e-m+fp/hard/libc.a
LOAD /opt/gcc-arm-none-eabi/bin/../lib/gcc/arm-none-eabi/13.3.1/thumb/v7e-m+fp/hard/libgcc.a
LOAD /opt/gcc-arm-none-eabi/bin/../lib/gcc/arm-none-eabi/13.3.1/../../../../arm-none-eabi/lib/thumb/v7e-m+fp/hard/libnosys.a
END GROUP
START GROUP
LOAD /opt/gcc-arm-none-eabi/bin/../lib/gcc/arm-none-eabi/13.3.1/thumb/v7e-m+fp/hard/libgcc.a
LOAD /opt/gcc-arm-none-eabi/bin/../lib/gcc/arm-none-eabi/13.3.1/../../../../arm-none-eabi/lib/thumb/v7e-m+fp/hard/libg.a
LOAD /opt/gcc-arm-none-eabi/bin/../lib/gcc/arm-none-eabi/13.3.1/../../../../arm-none-eabi/lib/thumb/v7e-m+fp/hard/libc.a
END GROUP

.text           0x08000000     0x8d94
 *(bootloader_section)
 bootloader_section
                0x08000000     0x8000 ../app/src/bootloader.o
 *(.vectors)
 .vectors       0x08008000      0x1ac ../libopencm3/lib/libopencm3_stm32f4.a(vector.o)
                0x08008000                vector_table
                0x080081b0                        . = ALIGN (0x10)
 *fill*         0x080081ac        0x4 
 *(.firmware_info)
 *(.firmware_signature)
 *(.text*)
 .text.startup.main
                0x080081b0       0xdc ../app/src/firmware.o
                0x080081b0                main
 .text.system_setup
                0x0800828c       0x28 ../shared/src/core/system.o
                0x0800828c                system_setup
 .text.system_get_ticks
                0x080082b4        0xc ../shared/src/core/system.o
                0x080082b4                system_get_ticks
 .text.sys_tick_handler
                0x080082c0       0x18 ../shared/src/core/system.o
                0x080082c0                sys_tick_handler
 .text.system_delay
                0x080082d8       0x20 ../shared/src/core/system.o
                0x080082d8                system_delay
 .text.timer_setup
                0x080082f8       0x50 ../app/src/timer.o
                0x080082f8                timer_setup
 .text.timer_pwm_set_duty_cycle
                0x08008348       0x2c ../app/src/timer.o
                0x08008348                timer_pwm_set_duty_cycle
 .text.usart2_isr
                0x08008374       0x34 ../shared/src/core/uart.o
                0x08008374                usart2_isr
 .text.uart_setup
                0x080083a8       0x6c ../shared/src/core/uart.o
                0x080083a8                uart_setup
 .text.uart_write_byte
                0x08008414        0xc ../shared/src/core/uart.o
                0x08008414                uart_write_byte
 .text.uart_read
                0x08008420       0x28 ../shared/src/core/uart.o
                0x08008420                uart_read
 .text.uart_read_byte
                0x08008448       0x1c ../shared/src/core/uart.o
                0x08008448                uart_read_byte
 .text.uart_data_available
                0x08008464       0x14 ../shared/src/core/uart.o
                0x08008464                uart_data_available
 .text.ring_buffer_setup
                0x08008478        0xe ../shared/src/core/ring_buffer.o
                0x08008478                ring_buffer_setup
 .text.ring_buffer_empty
                0x08008486        0xc ../shared/src/core/ring_buffer.o
                0x08008486                ring_buffer_empty
 .text.ring_buffer_write
                0x08008492       0x1e ../shared/src/core/ring_buffer.o
                0x08008492                ring_buffer_write
 .text.ring_buffer_read
                0x080084b0       0x1e ../shared/src/core/ring_buffer.o
                0x080084b0                ring_buffer_read
 .text.gpio_mode_setup
                0x080084ce       0x40 ../libopencm3/lib/libopencm3_stm32f4.a(gpio_common_f0234.o)
                0x080084ce                gpio_mode_setup
 .text.gpio_set_af
                0x0800850e       0x58 ../libopencm3/lib/libopencm3_stm32f4.a(gpio_common_f0234.o)
                0x0800850e                gpio_set_af
 .text.rcc_periph_clock_enable
                0x08008566       0x1a ../libopencm3/lib/libopencm3_stm32f4.a(rcc_common_all.o)
                0x08008566                rcc_periph_clock_enable
 .text.rcc_is_osc_ready
                0x08008580       0x64 ../libopencm3/lib/libopencm3_stm32f4.a(rcc.o)
                0x08008580                rcc_is_osc_ready
 .text.rcc_wait_for_osc_ready
                0x080085e4       0x10 ../libopencm3/lib/libopencm3_stm32f4.a(rcc.o)
                0x080085e4                rcc_wait_for_osc_ready
 .text.rcc_osc_on
                0x080085f4       0x74 ../libopencm3/lib/libopencm3_stm32f4.a(rcc.o)
                0x080085f4                rcc_osc_on
 .text.rcc_osc_off
                0x08008668       0x74 ../libopencm3/lib/libopencm3_stm32f4.a(rcc.o)
                0x08008668                rcc_osc_off
 .text.rcc_set_sysclk_source
                0x080086dc       0x18 ../libopencm3/lib/libopencm3_stm32f4.a(rcc.o)
                0x080086dc                rcc_set_sysclk_source
 .text.rcc_set_ppre2
                0x080086f4       0x18 ../libopencm3/lib/libopencm3_stm32f4.a(rcc.o)
                0x080086f4                rcc_set_ppre2
 .text.rcc_set_ppre1
                0x0800870c       0x18 ../libopencm3/lib/libopencm3_stm32f4.a(rcc.o)
                0x0800870c                rcc_set_ppre1
 .text.rcc_set_hpre
                0x08008724       0x18 ../libopencm3/lib/libopencm3_stm32f4.a(rcc.o)
                0x08008724                rcc_set_hpre
 .text.rcc_set_main_pll_hsi
                0x0800873c       0x44 ../libopencm3/lib/libopencm3_stm32f4.a(rcc.o)
                0x0800873c                rcc_set_main_pll_hsi
 .text.rcc_set_main_pll_hse
                0x08008780       0x44 ../libopencm3/lib/libopencm3_stm32f4.a(rcc.o)
                0x08008780                rcc_set_main_pll_hse
 .text.rcc_clock_setup_pll
                0x080087c4       0xe4 ../libopencm3/lib/libopencm3_stm32f4.a(rcc.o)
                0x080087c4                rcc_clock_setup_pll
 .text.rcc_get_usart_clk_freq
                0x080088a8       0x20 ../libopencm3/lib/libopencm3_stm32f4.a(rcc.o)
                0x080088a8                rcc_get_usart_clk_freq
 .text.timer_set_mode
                0x080088c8       0x12 ../libopencm3/lib/libopencm3_stm32f4.a(timer_common_all.o)
                0x080088c8                timer_set_mode
 .text.timer_enable_counter
                0x080088da        0xa ../libopencm3/lib/libopencm3_stm32f4.a(timer_common_all.o)
                0x080088da                timer_enable_counter
 .text.timer_set_prescaler
                0x080088e4        0x4 ../libopencm3/lib/libopencm3_stm32f4.a(timer_common_all.o)
                0x080088e4                timer_set_prescaler
 .text.timer_set_period
                0x080088e8        0x4 ../libopencm3/lib/libopencm3_stm32f4.a(timer_common_all.o)
                0x080088e8                timer_set_period
 .text.timer_set_oc_mode
                0x080088ec      0x18c ../libopencm3/lib/libopencm3_stm32f4.a(timer_common_all.o)
                0x080088ec                timer_set_oc_mode
 .text.timer_enable_oc_output
                0x08008a78       0x4a ../libopencm3/lib/libopencm3_stm32f4.a(timer_common_all.o)
                0x08008a78                timer_enable_oc_output
 .text.timer_set_oc_value
                0x08008ac2       0x20 ../libopencm3/lib/libopencm3_stm32f4.a(timer_common_all.o)
                0x08008ac2                timer_set_oc_value
 .text.usart_set_baudrate
                0x08008ae2       0x16 ../libopencm3/lib/libopencm3_stm32f4.a(usart_common_all.o)
                0x08008ae2                usart_set_baudrate
 .text.usart_set_databits
                0x08008af8       0x12 ../libopencm3/lib/libopencm3_stm32f4.a(usart_common_all.o)
                0x08008af8                usart_set_databits
 .text.usart_set_stopbits
                0x08008b0a        0xc ../libopencm3/lib/libopencm3_stm32f4.a(usart_common_all.o)
                0x08008b0a                usart_set_stopbits
 .text.usart_set_parity
                0x08008b16        0xc ../libopencm3/lib/libopencm3_stm32f4.a(usart_common_all.o)
                0x08008b16                usart_set_parity
 .text.usart_set_mode
                0x08008b22        0xc ../libopencm3/lib/libopencm3_stm32f4.a(usart_common_all.o)
                0x08008b22                usart_set_mode
 .text.usart_set_flow_control
                0x08008b2e        0xc ../libopencm3/lib/libopencm3_stm32f4.a(usart_common_all.o)
                0x08008b2e                usart_set_flow_control
 .text.usart_enable
                0x08008b3a        0xa ../libopencm3/lib/libopencm3_stm32f4.a(usart_common_all.o)
                0x08008b3a                usart_enable
 .text.usart_send_blocking
                0x08008b44       0x16 ../libopencm3/lib/libopencm3_stm32f4.a(usart_common_all.o)
                0x08008b44                usart_send_blocking
 .text.usart_enable_rx_interrupt
                0x08008b5a        0xa ../libopencm3/lib/libopencm3_stm32f4.a(usart_common_all.o)
                0x08008b5a                usart_enable_rx_interrupt
 .text.usart_send
                0x08008b64        0x8 ../libopencm3/lib/libopencm3_stm32f4.a(usart_common_f124.o)
                0x08008b64                usart_send
 .text.usart_recv
                0x08008b6c        0x8 ../libopencm3/lib/libopencm3_stm32f4.a(usart_common_f124.o)
                0x08008b6c                usart_recv
 .text.usart_wait_send_ready
                0x08008b74        0x8 ../libopencm3/lib/libopencm3_stm32f4.a(usart_common_f124.o)
                0x08008b74                usart_wait_send_ready
 .text.usart_get_flag
                0x08008b7c        0xc ../libopencm3/lib/libopencm3_stm32f4.a(usart_common_f124.o)
                0x08008b7c                usart_get_flag
 .text.blocking_handler
                0x08008b88        0x2 ../libopencm3/lib/libopencm3_stm32f4.a(vector.o)
                0x08008b88                dma2_stream1_isr
                0x08008b88                tim8_brk_tim12_isr
                0x08008b88                dma1_stream7_isr
                0x08008b88                usart3_isr
                0x08008b88                tim7_isr
                0x08008b88                dma2d_isr
                0x08008b88                uart8_isr
                0x08008b88                dma1_stream2_isr
                0x08008b88                otg_hs_isr
                0x08008b88                blocking_handler
                0x08008b88                tim5_isr
                0x08008b88                rtc_wkup_isr
                0x08008b88                otg_fs_isr
                0x08008b88                spi1_isr
                0x08008b88                i2c3_er_isr
                0x08008b88                exti2_isr
                0x08008b88                spi5_isr
                0x08008b88                usb_fs_wkup_isr
                0x08008b88                tamp_stamp_isr
                0x08008b88                can1_rx1_isr
                0x08008b88                dma2_stream0_isr
                0x08008b88                usart1_isr
                0x08008b88                i2c3_ev_isr
                0x08008b88                usage_fault_handler
                0x08008b88                can2_rx0_isr
                0x08008b88                dma1_stream6_isr
                0x08008b88                can2_rx1_isr
                0x08008b88                can1_sce_isr
                0x08008b88                tim1_cc_isr
                0x08008b88                can1_tx_isr
                0x08008b88                tim1_up_tim10_isr
                0x08008b88                sdio_isr
                0x08008b88                eth_isr
                0x08008b88                spi6_isr
                0x08008b88                dma2_stream5_isr
                0x08008b88                pvd_isr
                0x08008b88                can1_rx0_isr
                0x08008b88                rcc_isr
                0x08008b88                dma2_stream3_isr
                0x08008b88                flash_isr
                0x08008b88                uart4_isr
                0x08008b88                lcd_tft_isr
                0x08008b88                rtc_alarm_isr
                0x08008b88                exti15_10_isr
                0x08008b88                hash_rng_isr
                0x08008b88                tim1_trg_com_tim11_isr
                0x08008b88                hard_fault_handler
                0x08008b88                exti1_isr
                0x08008b88                i2c1_ev_isr
                0x08008b88                usart6_isr
                0x08008b88                spi2_isr
                0x08008b88                cryp_isr
                0x08008b88                nvic_wwdg_isr
                0x08008b88                dma1_stream1_isr
                0x08008b88                dma2_stream4_isr
                0x08008b88                exti3_isr
                0x08008b88                tim3_isr
                0x08008b88                sai1_isr
                0x08008b88                fpu_isr
                0x08008b88                dma1_stream4_isr
                0x08008b88                i2c2_er_isr
                0x08008b88                i2c2_ev_isr
                0x08008b88                uart5_isr
                0x08008b88                dma2_stream6_isr
                0x08008b88                spi4_isr
                0x08008b88                adc_isr
                0x08008b88                dma2_stream7_isr
                0x08008b88                tim8_up_tim13_isr
                0x08008b88                fsmc_isr
                0x08008b88                exti4_isr
                0x08008b88                tim6_dac_isr
                0x08008b88                dma1_stream3_isr
                0x08008b88                tim8_trg_com_tim14_isr
                0x08008b88                mem_manage_handler
                0x08008b88                lcd_tft_err_isr
                0x08008b88                can2_tx_isr
                0x08008b88                exti9_5_isr
                0x08008b88                tim1_brk_tim9_isr
                0x08008b88                uart7_isr
                0x08008b88                can2_sce_isr
                0x08008b88                tim4_isr
                0x08008b88                otg_hs_wkup_isr
                0x08008b88                i2c1_er_isr
                0x08008b88                dma1_stream0_isr
                0x08008b88                tim8_cc_isr
                0x08008b88                dcmi_isr
                0x08008b88                dma2_stream2_isr
                0x08008b88                eth_wkup_isr
                0x08008b88                bus_fault_handler
                0x08008b88                otg_hs_ep1_out_isr
                0x08008b88                spi3_isr
                0x08008b88                dma1_stream5_isr
                0x08008b88                otg_hs_ep1_in_isr
                0x08008b88                tim2_isr
                0x08008b88                exti0_isr
 .text.null_handler
                0x08008b8a        0x2 ../libopencm3/lib/libopencm3_stm32f4.a(vector.o)
                0x08008b8a                null_handler
                0x08008b8a                sv_call_handler
                0x08008b8a                pend_sv_handler
                0x08008b8a                debug_monitor_handler
                0x08008b8a                nmi_handler
 .text.reset_handler
                0x08008b8c       0xa0 ../libopencm3/lib/libopencm3_stm32f4.a(vector.o)
                0x08008b8c                reset_handler
 .text.systick_set_clocksource
                0x08008c2c       0x14 ../libopencm3/lib/libopencm3_stm32f4.a(systick.o)
                0x08008c2c                systick_set_clocksource
 .text.systick_set_frequency
                0x08008c40       0x38 ../libopencm3/lib/libopencm3_stm32f4.a(systick.o)
                0x08008c40                systick_set_frequency
 .text.systick_interrupt_enable
                0x08008c78        0xe ../libopencm3/lib/libopencm3_stm32f4.a(systick.o)
                0x08008c78                systick_interrupt_enable
 .text.systick_counter_enable
                0x08008c86        0xe ../libopencm3/lib/libopencm3_stm32f4.a(systick.o)
                0x08008c86                systick_counter_enable
 .text.nvic_enable_irq
                0x08008c94       0x18 ../libopencm3/lib/libopencm3_stm32f4.a(nvic.o)
                0x08008c94                nvic_enable_irq
 .text.flash_set_ws
                0x08008cac       0x18 ../libopencm3/lib/libopencm3_stm32f4.a(flash_common_all.o)
                0x08008cac                flash_set_ws
 .text.flash_dcache_enable
                0x08008cc4       0x14 ../libopencm3/lib/libopencm3_stm32f4.a(flash_common_idcache.o)
                0x08008cc4                flash_dcache_enable
 .text.flash_dcache_disable
                0x08008cd8       0x14 ../libopencm3/lib/libopencm3_stm32f4.a(flash_common_idcache.o)
                0x08008cd8                flash_dcache_disable
 .text.flash_icache_enable
                0x08008cec       0x14 ../libopencm3/lib/libopencm3_stm32f4.a(flash_common_idcache.o)
                0x08008cec                flash_icache_enable
 .text.flash_icache_disable
                0x08008d00       0x14 ../libopencm3/lib/libopencm3_stm32f4.a(flash_common_idcache.o)
                0x08008d00                flash_icache_disable
 .text.pwr_set_vos_scale
                0x08008d14       0x10 ../libopencm3/lib/libopencm3_stm32f4.a(pwr.o)
                0x08008d14                pwr_set_vos_scale
                0x08008d24                        . = ALIGN (0x4)
 *(.rodata*)
 .rodata.rcc_hsi_configs
                0x08008d24       0x70 ../libopencm3/lib/libopencm3_stm32f4.a(rcc.o)
                0x08008d24                rcc_hsi_configs
                0x08008d94                        . = ALIGN (0x4)

.glue_7         0x08008d94        0x0
 .glue_7        0x08008d94        0x0 linker stubs

.glue_7t        0x08008d94        0x0
 .glue_7t       0x08008d94        0x0 linker stubs

.vfp11_veneer   0x08008d94        0x0
 .vfp11_veneer  0x08008d94        0x0 linker stubs

.v4_bx          0x08008d94        0x0
 .v4_bx         0x08008d94        0x0 linker stubs

.iplt           0x08008d94        0x0
 .iplt          0x08008d94        0x0 ../app/src/firmware.o

.rel.dyn        0x08008d94        0x0
 .rel.iplt      0x08008d94        0x0 ../app/src/firmware.o

.preinit_array  0x08008d94        0x0
                0x08008d94                        . = ALIGN (0x4)
                0x08008d94                        __preinit_array_start = .
 *(.preinit_array)
                0x08008d94                        __preinit_array_end = .

.init_array     0x08008d94        0x0
                0x08008d94                        . = ALIGN (0x4)
                0x08008d94                        __init_array_start = .
 *(SORT_BY_NAME(.init_array.*))
 *(.init_array)
                0x08008d94                        __init_array_end = .

.fini_array     0x08008d94        0x0
                0x08008d94                        . = ALIGN (0x4)
                0x08008d94                        __fini_array_start = .
 *(.fini_array)
 *(SORT_BY_NAME(.fini_array.*))
                0x08008d94                        __fini_array_end = .

.ARM.extab
 *(.ARM.extab*)

.ARM.exidx      0x08008d94        0x0
                0x08008d94                        __exidx_start = .
 *(.ARM.exidx*)
                0x08008d94                        __exidx_end = .
                0x08008d94                        . = ALIGN (0x4)
                0x08008d94                        _etext = .

.noinit
 *(.noinit*)
                0x08008d94                        . = ALIGN (0x4)

.data           0x20000000        0xc load address 0x08008d94
                0x20000000                        _data = .
 *(.data*)
 .data.rcc_apb2_frequency
                0x20000000        0x4 ../libopencm3/lib/libopencm3_stm32f4.a(rcc.o)
                0x20000000                rcc_apb2_frequency
 .data.rcc_apb1_frequency
                0x20000004        0x4 ../libopencm3/lib/libopencm3_stm32f4.a(rcc.o)
                0x20000004                rcc_apb1_frequency
 .data.rcc_ahb_frequency
                0x20000008        0x4 ../libopencm3/lib/libopencm3_stm32f4.a(rcc.o)
                0x20000008                rcc_ahb_frequency
 *(.ramtext*)
                0x2000000c                        . = ALIGN (0x4)
                0x2000000c                        _edata = .
                0x08008d94                        _data_loadaddr = LOADADDR (.data)

.igot.plt       0x2000000c        0x0 load address 0x08008da0
 .igot.plt      0x2000000c        0x0 ../app/src/firmware.o

.bss            0x20000010       0x58 load address 0x08008da0
 *(.bss*)
 .bss.ticks     0x20000010        0x8 ../shared/src/core/system.o
 .bss.data_buffer
                0x20000018       0x40 ../shared/src/core/uart.o
 .bss.ring_buffer
                0x20000058       0x10 ../shared/src/core/uart.o
 *(COMMON)
                0x20000068                        . = ALIGN (0x4)
                0x20000068                        _ebss = .

/DISCARD/
 *(.eh_frame)
                0x20000068                        . = ALIGN (0x4)
                0x20000068                        end = .
                0x20018000                        PROVIDE (_stack = (ORIGIN (ram) + LENGTH (ram)))
OUTPUT(firmware.elf elf32-littlearm)
LOAD linker stubs

.debug_info     0x00000000     0x5cbe
 .debug_info    0x00000000      0x7ca ../app/src/firmware.o
 .debug_info    0x000007ca      0x385 ../shared/src/core/system.o
 .debug_info    0x00000b4f      0x755 ../app/src/timer.o
 .debug_info    0x000012a4      0xaa9 ../shared/src/core/uart.o
 .debug_info    0x00001d4d      0x22a ../shared/src/core/ring_buffer.o
 .debug_info    0x00001f77      0x21b ../libopencm3/lib/libopencm3_stm32f4.a(gpio_common_f0234.o)
 .debug_info    0x00002192      0x932 ../libopencm3/lib/libopencm3_stm32f4.a(rcc_common_all.o)
 .debug_info    0x00002ac4      0xfa1 ../libopencm3/lib/libopencm3_stm32f4.a(rcc.o)
 .debug_info    0x00003a65     0x1004 ../libopencm3/lib/libopencm3_stm32f4.a(timer_common_all.o)
 .debug_info    0x00004a69      0x665 ../libopencm3/lib/libopencm3_stm32f4.a(usart_common_all.o)
 .debug_info    0x000050ce      0x192 ../libopencm3/lib/libopencm3_stm32f4.a(usart_common_f124.o)
 .debug_info    0x00005260      0x2d9 ../libopencm3/lib/libopencm3_stm32f4.a(vector.o)
 .debug_info    0x00005539      0x28f ../libopencm3/lib/libopencm3_stm32f4.a(systick.o)
 .debug_info    0x000057c8      0x239 ../libopencm3/lib/libopencm3_stm32f4.a(nvic.o)
 .debug_info    0x00005a01       0xf1 ../libopencm3/lib/libopencm3_stm32f4.a(flash_common_all.o)
 .debug_info    0x00005af2       0xe9 ../libopencm3/lib/libopencm3_stm32f4.a(flash_common_idcache.o)
 .debug_info    0x00005bdb       0xe3 ../libopencm3/lib/libopencm3_stm32f4.a(pwr.o)

.debug_abbrev   0x00000000     0x15d0
 .debug_abbrev  0x00000000      0x157 ../app/src/firmware.o
 .debug_abbrev  0x00000157      0x239 ../shared/src/core/system.o
 .debug_abbrev  0x00000390      0x11a ../app/src/timer.o
 .debug_abbrev  0x000004aa      0x227 ../shared/src/core/uart.o
 .debug_abbrev  0x000006d1       0xed ../shared/src/core/ring_buffer.o
 .debug_abbrev  0x000007be       0xc2 ../libopencm3/lib/libopencm3_stm32f4.a(gpio_common_f0234.o)
 .debug_abbrev  0x00000880      0x185 ../libopencm3/lib/libopencm3_stm32f4.a(rcc_common_all.o)
 .debug_abbrev  0x00000a05      0x2da ../libopencm3/lib/libopencm3_stm32f4.a(rcc.o)
 .debug_abbrev  0x00000cdf      0x1ac ../libopencm3/lib/libopencm3_stm32f4.a(timer_common_all.o)
 .debug_abbrev  0x00000e8b      0x1a9 ../libopencm3/lib/libopencm3_stm32f4.a(usart_common_all.o)
 .debug_abbrev  0x00001034       0xb6 ../libopencm3/lib/libopencm3_stm32f4.a(usart_common_f124.o)
 .debug_abbrev  0x000010ea      0x15f ../libopencm3/lib/libopencm3_stm32f4.a(vector.o)
 .debug_abbrev  0x00001249      0x14e ../libopencm3/lib/libopencm3_stm32f4.a(systick.o)
 .debug_abbrev  0x00001397       0xb6 ../libopencm3/lib/libopencm3_stm32f4.a(nvic.o)
 .debug_abbrev  0x0000144d       0x96 ../libopencm3/lib/libopencm3_stm32f4.a(flash_common_all.o)
 .debug_abbrev  0x000014e3       0x56 ../libopencm3/lib/libopencm3_stm32f4.a(flash_common_idcache.o)
 .debug_abbrev  0x00001539       0x97 ../libopencm3/lib/libopencm3_stm32f4.a(pwr.o)

.debug_loclists
                0x00000000     0x114e
 .debug_loclists
                0x00000000       0x66 ../app/src/firmware.o
 .debug_loclists
                0x00000066       0x3a ../shared/src/core/system.o
 .debug_loclists
                0x000000a0       0x84 ../app/src/timer.o
 .debug_loclists
                0x00000124      0x13d ../shared/src/core/uart.o
 .debug_loclists
                0x00000261       0xcb ../shared/src/core/ring_buffer.o
 .debug_loclists
                0x0000032c       0xf9 ../libopencm3/lib/libopencm3_stm32f4.a(gpio_common_f0234.o)
 .debug_loclists
                0x00000425       0x87 ../libopencm3/lib/libopencm3_stm32f4.a(rcc_common_all.o)
 .debug_loclists
                0x000004ac      0x52f ../libopencm3/lib/libopencm3_stm32f4.a(rcc.o)
 .debug_loclists
                0x000009db      0x1d5 ../libopencm3/lib/libopencm3_stm32f4.a(timer_common_all.o)
 .debug_loclists
                0x00000bb0      0x18e ../libopencm3/lib/libopencm3_stm32f4.a(usart_common_all.o)
 .debug_loclists
                0x00000d3e       0x79 ../libopencm3/lib/libopencm3_stm32f4.a(usart_common_f124.o)
 .debug_loclists
                0x00000db7       0xb6 ../libopencm3/lib/libopencm3_stm32f4.a(vector.o)
 .debug_loclists
                0x00000e6d      0x192 ../libopencm3/lib/libopencm3_stm32f4.a(systick.o)
 .debug_loclists
                0x00000fff      0x111 ../libopencm3/lib/libopencm3_stm32f4.a(nvic.o)
 .debug_loclists
                0x00001110       0x17 ../libopencm3/lib/libopencm3_stm32f4.a(flash_common_all.o)
 .debug_loclists
                0x00001127       0x27 ../libopencm3/lib/libopencm3_stm32f4.a(pwr.o)

.debug_aranges  0x00000000      0x818
 .debug_aranges
                0x00000000       0x20 ../app/src/firmware.o
 .debug_aranges
                0x00000020       0x38 ../shared/src/core/system.o
 .debug_aranges
                0x00000058       0x28 ../app/src/timer.o
 .debug_aranges
                0x00000080       0x50 ../shared/src/core/uart.o
 .debug_aranges
                0x000000d0       0x38 ../shared/src/core/ring_buffer.o
 .debug_aranges
                0x00000108       0x30 ../libopencm3/lib/libopencm3_stm32f4.a(gpio_common_f0234.o)
 .debug_aranges
                0x00000138       0x80 ../libopencm3/lib/libopencm3_stm32f4.a(rcc_common_all.o)
 .debug_aranges
                0x000001b8      0x110 ../libopencm3/lib/libopencm3_stm32f4.a(rcc.o)
 .debug_aranges
                0x000002c8      0x278 ../libopencm3/lib/libopencm3_stm32f4.a(timer_common_all.o)
 .debug_aranges
                0x00000540       0xf0 ../libopencm3/lib/libopencm3_stm32f4.a(usart_common_all.o)
 .debug_aranges
                0x00000630       0x40 ../libopencm3/lib/libopencm3_stm32f4.a(usart_common_f124.o)
 .debug_aranges
                0x00000670       0x30 ../libopencm3/lib/libopencm3_stm32f4.a(vector.o)
 .debug_aranges
                0x000006a0       0x78 ../libopencm3/lib/libopencm3_stm32f4.a(systick.o)
 .debug_aranges
                0x00000718       0x60 ../libopencm3/lib/libopencm3_stm32f4.a(nvic.o)
 .debug_aranges
                0x00000778       0x38 ../libopencm3/lib/libopencm3_stm32f4.a(flash_common_all.o)
 .debug_aranges
                0x000007b0       0x48 ../libopencm3/lib/libopencm3_stm32f4.a(flash_common_idcache.o)
 .debug_aranges
                0x000007f8       0x20 ../libopencm3/lib/libopencm3_stm32f4.a(pwr.o)

.debug_rnglists
                0x00000000      0x64b
 .debug_rnglists
                0x00000000       0x2f ../app/src/firmware.o
 .debug_rnglists
                0x0000002f       0x49 ../shared/src/core/system.o
 .debug_rnglists
                0x00000078       0x19 ../app/src/timer.o
 .debug_rnglists
                0x00000091       0x5e ../shared/src/core/uart.o
 .debug_rnglists
                0x000000ef       0x25 ../shared/src/core/ring_buffer.o
 .debug_rnglists
                0x00000114       0x1f ../libopencm3/lib/libopencm3_stm32f4.a(gpio_common_f0234.o)
 .debug_rnglists
                0x00000133       0x5b ../libopencm3/lib/libopencm3_stm32f4.a(rcc_common_all.o)
 .debug_rnglists
                0x0000018e       0xe0 ../libopencm3/lib/libopencm3_stm32f4.a(rcc.o)
 .debug_rnglists
                0x0000026e      0x1d6 ../libopencm3/lib/libopencm3_stm32f4.a(timer_common_all.o)
 .debug_rnglists
                0x00000444       0xaf ../libopencm3/lib/libopencm3_stm32f4.a(usart_common_all.o)
 .debug_rnglists
                0x000004f3       0x2b ../libopencm3/lib/libopencm3_stm32f4.a(usart_common_f124.o)
 .debug_rnglists
                0x0000051e       0x20 ../libopencm3/lib/libopencm3_stm32f4.a(vector.o)
 .debug_rnglists
                0x0000053e       0x61 ../libopencm3/lib/libopencm3_stm32f4.a(systick.o)
 .debug_rnglists
                0x0000059f       0x43 ../libopencm3/lib/libopencm3_stm32f4.a(nvic.o)
 .debug_rnglists
                0x000005e2       0x25 ../libopencm3/lib/libopencm3_stm32f4.a(flash_common_all.o)
 .debug_rnglists
                0x00000607       0x31 ../libopencm3/lib/libopencm3_stm32f4.a(flash_common_idcache.o)
 .debug_rnglists
                0x00000638       0x13 ../libopencm3/lib/libopencm3_stm32f4.a(pwr.o)

.debug_macro    0x00000000     0x70a9
 .debug_macro   0x00000000      0x29c ../app/src/firmware.o
 .debug_macro   0x0000029c      0xac6 ../app/src/firmware.o
 .debug_macro   0x00000d62       0x22 ../app/src/firmware.o
 .debug_macro   0x00000d84       0x56 ../app/src/firmware.o
 .debug_macro   0x00000dda       0x51 ../app/src/firmware.o
 .debug_macro   0x00000e2b      0x103 ../app/src/firmware.o
 .debug_macro   0x00000f2e       0x6a ../app/src/firmware.o
 .debug_macro   0x00000f98      0x1df ../app/src/firmware.o
 .debug_macro   0x00001177       0x22 ../app/src/firmware.o
 .debug_macro   0x00001199       0x2a ../app/src/firmware.o
 .debug_macro   0x000011c3       0x7b ../app/src/firmware.o
 .debug_macro   0x0000123e       0x3c ../app/src/firmware.o
 .debug_macro   0x0000127a       0x34 ../app/src/firmware.o
 .debug_macro   0x000012ae       0x16 ../app/src/firmware.o
 .debug_macro   0x000012c4      0x11c ../app/src/firmware.o
 .debug_macro   0x000013e0       0x94 ../app/src/firmware.o
 .debug_macro   0x00001474      0x38c ../app/src/firmware.o
 .debug_macro   0x00001800       0x16 ../app/src/firmware.o
 .debug_macro   0x00001816       0x4a ../app/src/firmware.o
 .debug_macro   0x00001860       0x34 ../app/src/firmware.o
 .debug_macro   0x00001894       0x10 ../app/src/firmware.o
 .debug_macro   0x000018a4       0x58 ../app/src/firmware.o
 .debug_macro   0x000018fc      0x1e5 ../app/src/firmware.o
 .debug_macro   0x00001ae1       0x22 ../app/src/firmware.o
 .debug_macro   0x00001b03       0x10 ../app/src/firmware.o
 .debug_macro   0x00001b13       0x76 ../app/src/firmware.o
 .debug_macro   0x00001b89      0x100 ../app/src/firmware.o
 .debug_macro   0x00001c89       0x69 ../app/src/firmware.o
 .debug_macro   0x00001cf2      0x286 ../app/src/firmware.o
 .debug_macro   0x00001f78       0x76 ../app/src/firmware.o
 .debug_macro   0x00001fee      0x37e ../app/src/firmware.o
 .debug_macro   0x0000236c       0xca ../app/src/firmware.o
 .debug_macro   0x00002436      0x458 ../app/src/firmware.o
 .debug_macro   0x0000288e       0x6e ../app/src/firmware.o
 .debug_macro   0x000028fc      0x22c ../app/src/firmware.o
 .debug_macro   0x00002b28       0x8e ../app/src/firmware.o
 .debug_macro   0x00002bb6       0x46 ../app/src/firmware.o
 .debug_macro   0x00002bfc      0xcea ../app/src/firmware.o
 .debug_macro   0x000038e6       0x1c ../app/src/firmware.o
 .debug_macro   0x00003902       0x10 ../app/src/firmware.o
 .debug_macro   0x00003912      0xf7d ../app/src/firmware.o
 .debug_macro   0x0000488f       0x52 ../app/src/firmware.o
 .debug_macro   0x000048e1       0x10 ../app/src/firmware.o
 .debug_macro   0x000048f1       0x10 ../app/src/firmware.o
 .debug_macro   0x00004901       0x94 ../app/src/firmware.o
 .debug_macro   0x00004995      0x29e ../app/src/firmware.o
 .debug_macro   0x00004c33       0xa0 ../app/src/firmware.o
 .debug_macro   0x00004cd3      0x156 ../shared/src/core/system.o
 .debug_macro   0x00004e29       0x1c ../shared/src/core/system.o
 .debug_macro   0x00004e45       0xe8 ../shared/src/core/system.o
 .debug_macro   0x00004f2d       0xfe ../app/src/timer.o
 .debug_macro   0x0000502b      0x280 ../app/src/timer.o
 .debug_macro   0x000052ab      0x1a5 ../shared/src/core/uart.o
 .debug_macro   0x00005450       0x6f ../shared/src/core/uart.o
 .debug_macro   0x000054bf       0x76 ../shared/src/core/ring_buffer.o
 .debug_macro   0x00005535       0xd1 ../libopencm3/lib/libopencm3_stm32f4.a(gpio_common_f0234.o)
 .debug_macro   0x00005606      0xacc ../libopencm3/lib/libopencm3_stm32f4.a(gpio_common_f0234.o)
 .debug_macro   0x000060d2       0xf0 ../libopencm3/lib/libopencm3_stm32f4.a(rcc_common_all.o)
 .debug_macro   0x000061c2      0x124 ../libopencm3/lib/libopencm3_stm32f4.a(rcc.o)
 .debug_macro   0x000062e6       0x16 ../libopencm3/lib/libopencm3_stm32f4.a(rcc.o)
 .debug_macro   0x000062fc       0x1c ../libopencm3/lib/libopencm3_stm32f4.a(rcc.o)
 .debug_macro   0x00006318      0x143 ../libopencm3/lib/libopencm3_stm32f4.a(rcc.o)
 .debug_macro   0x0000645b       0x10 ../libopencm3/lib/libopencm3_stm32f4.a(rcc.o)
 .debug_macro   0x0000646b       0xf0 ../libopencm3/lib/libopencm3_stm32f4.a(timer_common_all.o)
 .debug_macro   0x0000655b      0x10b ../libopencm3/lib/libopencm3_stm32f4.a(usart_common_all.o)
 .debug_macro   0x00006666      0x10b ../libopencm3/lib/libopencm3_stm32f4.a(usart_common_f124.o)
 .debug_macro   0x00006771       0xd3 ../libopencm3/lib/libopencm3_stm32f4.a(vector.o)
 .debug_macro   0x00006844      0x452 ../libopencm3/lib/libopencm3_stm32f4.a(vector.o)
 .debug_macro   0x00006c96       0x92 ../libopencm3/lib/libopencm3_stm32f4.a(systick.o)
 .debug_macro   0x00006d28       0xb3 ../libopencm3/lib/libopencm3_stm32f4.a(nvic.o)
 .debug_macro   0x00006ddb       0x68 ../libopencm3/lib/libopencm3_stm32f4.a(nvic.o)
 .debug_macro   0x00006e43       0xd7 ../libopencm3/lib/libopencm3_stm32f4.a(flash_common_all.o)
 .debug_macro   0x00006f1a       0xd7 ../libopencm3/lib/libopencm3_stm32f4.a(flash_common_idcache.o)
 .debug_macro   0x00006ff1       0xb8 ../libopencm3/lib/libopencm3_stm32f4.a(pwr.o)

.debug_line     0x00000000     0x57a5
 .debug_line    0x00000000      0x5bc ../app/src/firmware.o
 .debug_line    0x000005bc      0x462 ../shared/src/core/system.o
 .debug_line    0x00000a1e      0x343 ../app/src/timer.o
 .debug_line    0x00000d61      0x585 ../shared/src/core/uart.o
 .debug_line    0x000012e6      0x299 ../shared/src/core/ring_buffer.o
 .debug_line    0x0000157f      0x483 ../libopencm3/lib/libopencm3_stm32f4.a(gpio_common_f0234.o)
 .debug_line    0x00001a02      0x446 ../libopencm3/lib/libopencm3_stm32f4.a(rcc_common_all.o)
 .debug_line    0x00001e48      0xaaf ../libopencm3/lib/libopencm3_stm32f4.a(rcc.o)
 .debug_line    0x000028f7     0x1092 ../libopencm3/lib/libopencm3_stm32f4.a(timer_common_all.o)
 .debug_line    0x00003989      0x682 ../libopencm3/lib/libopencm3_stm32f4.a(usart_common_all.o)
 .debug_line    0x0000400b      0x39f ../libopencm3/lib/libopencm3_stm32f4.a(usart_common_f124.o)
 .debug_line    0x000043aa      0x3dc ../libopencm3/lib/libopencm3_stm32f4.a(vector.o)
 .debug_line    0x00004786      0x370 ../libopencm3/lib/libopencm3_stm32f4.a(systick.o)
 .debug_line    0x00004af6      0x381 ../libopencm3/lib/libopencm3_stm32f4.a(nvic.o)
 .debug_line    0x00004e77      0x348 ../libopencm3/lib/libopencm3_stm32f4.a(flash_common_all.o)
 .debug_line    0x000051bf      0x361 ../libopencm3/lib/libopencm3_stm32f4.a(flash_common_idcache.o)
 .debug_line    0x00005520      0x285 ../libopencm3/lib/libopencm3_stm32f4.a(pwr.o)

.debug_str      0x00000000    0x181ac
 .debug_str     0x00000000    0x181ac ../app/src/firmware.o
                              0x1509b (size before relaxing)
 .debug_str     0x000181ac     0xc715 ../shared/src/core/system.o
 .debug_str     0x000181ac     0xd9a7 ../app/src/timer.o
 .debug_str     0x000181ac     0xdffc ../shared/src/core/uart.o
 .debug_str     0x000181ac     0x3e07 ../shared/src/core/ring_buffer.o
 .debug_str     0x000181ac     0x6724 ../libopencm3/lib/libopencm3_stm32f4.a(gpio_common_f0234.o)
 .debug_str     0x000181ac     0x9ac1 ../libopencm3/lib/libopencm3_stm32f4.a(rcc_common_all.o)
 .debug_str     0x000181ac     0xa336 ../libopencm3/lib/libopencm3_stm32f4.a(rcc.o)
 .debug_str     0x000181ac     0xdd65 ../libopencm3/lib/libopencm3_stm32f4.a(timer_common_all.o)
 .debug_str     0x000181ac     0xa583 ../libopencm3/lib/libopencm3_stm32f4.a(usart_common_all.o)
 .debug_str     0x000181ac     0xa2ef ../libopencm3/lib/libopencm3_stm32f4.a(usart_common_f124.o)
 .debug_str     0x000181ac     0x6fb7 ../libopencm3/lib/libopencm3_stm32f4.a(vector.o)
 .debug_str     0x000181ac     0x461a ../libopencm3/lib/libopencm3_stm32f4.a(systick.o)
 .debug_str     0x000181ac     0x6237 ../libopencm3/lib/libopencm3_stm32f4.a(nvic.o)
 .debug_str     0x000181ac     0x5a59 ../libopencm3/lib/libopencm3_stm32f4.a(flash_common_all.o)
 .debug_str     0x000181ac     0x5a7b ../libopencm3/lib/libopencm3_stm32f4.a(flash_common_idcache.o)
 .debug_str     0x000181ac     0x56d5 ../libopencm3/lib/libopencm3_stm32f4.a(pwr.o)

.comment        0x00000000       0x45
 .comment       0x00000000       0x45 ../app/src/firmware.o
                                 0x46 (size before relaxing)
 .comment       0x00000045       0x46 ../shared/src/core/system.o
 .comment       0x00000045       0x46 ../app/src/timer.o
 .comment       0x00000045       0x46 ../shared/src/core/uart.o
 .comment       0x00000045       0x46 ../shared/src/core/ring_buffer.o
 .comment       0x00000045       0x46 ../libopencm3/lib/libopencm3_stm32f4.a(gpio_common_f0234.o)
 .comment       0x00000045       0x46 ../libopencm3/lib/libopencm3_stm32f4.a(rcc_common_all.o)
 .comment       0x00000045       0x46 ../libopencm3/lib/libopencm3_stm32f4.a(rcc.o)
 .comment       0x00000045       0x46 ../libopencm3/lib/libopencm3_stm32f4.a(timer_common_all.o)
 .comment       0x00000045       0x46 ../libopencm3/lib/libopencm3_stm32f4.a(usart_common_all.o)
 .comment       0x00000045       0x46 ../libopencm3/lib/libopencm3_stm32f4.a(usart_common_f124.o)
 .comment       0x00000045       0x46 ../libopencm3/lib/libopencm3_stm32f4.a(vector.o)
 .comment       0x00000045       0x46 ../libopencm3/lib/libopencm3_stm32f4.a(systick.o)
 .comment       0x00000045       0x46 ../libopencm3/lib/libopencm3_stm32f4.a(nvic.o)
 .comment       0x00000045       0x46 ../libopencm3/lib/libopencm3_stm32f4.a(flash_common_all.o)
 .comment       0x00000045       0x46 ../libopencm3/lib/libopencm3_stm32f4.a(flash_common_idcache.o)
 .comment       0x00000045       0x46 ../libopencm3/lib/libopencm3_stm32f4.a(pwr.o)

.ARM.attributes
                0x00000000       0x32
 .ARM.attributes
                0x00000000       0x34 ../app/src/firmware.o
 .ARM.attributes
                0x00000034       0x34 ../shared/src/core/system.o
 .ARM.attributes
                0x00000068       0x34 ../app/src/timer.o
 .ARM.attributes
                0x0000009c       0x34 ../shared/src/core/uart.o
 .ARM.attributes
                0x000000d0       0x34 ../shared/src/core/ring_buffer.o
 .ARM.attributes
                0x00000104       0x34 ../libopencm3/lib/libopencm3_stm32f4.a(gpio_common_f0234.o)
 .ARM.attributes
                0x00000138       0x34 ../libopencm3/lib/libopencm3_stm32f4.a(rcc_common_all.o)
 .ARM.attributes
                0x0000016c       0x34 ../libopencm3/lib/libopencm3_stm32f4.a(rcc.o)
 .ARM.attributes
                0x000001a0       0x34 ../libopencm3/lib/libopencm3_stm32f4.a(timer_common_all.o)
 .ARM.attributes
                0x000001d4       0x34 ../libopencm3/lib/libopencm3_stm32f4.a(usart_common_all.o)
 .ARM.attributes
                0x00000208       0x34 ../libopencm3/lib/libopencm3_stm32f4.a(usart_common_f124.o)
 .ARM.attributes
                0x0000023c       0x34 ../libopencm3/lib/libopencm3_stm32f4.a(vector.o)
 .ARM.attributes
                0x00000270       0x34 ../libopencm3/lib/libopencm3_stm32f4.a(systick.o)
 .ARM.attributes
                0x000002a4       0x34 ../libopencm3/lib/libopencm3_stm32f4.a(nvic.o)
 .ARM.attributes
                0x000002d8       0x34 ../libopencm3/lib/libopencm3_stm32f4.a(flash_common_all.o)
 .ARM.attributes
                0x0000030c       0x34 ../libopencm3/lib/libopencm3_stm32f4.a(flash_common_idcache.o)
 .ARM.attributes
                0x00000340       0x34 ../libopencm3/lib/libopencm3_stm32f4.a(pwr.o)

.debug_frame    0x00000000      0xf50
 .debug_frame   0x00000000       0x3c ../app/src/firmware.o
 .debug_frame   0x0000003c       0x6c ../shared/src/core/system.o
 .debug_frame   0x000000a8       0x3c ../app/src/timer.o
 .debug_frame   0x000000e4       0xc8 ../shared/src/core/uart.o
 .debug_frame   0x000001ac       0x58 ../shared/src/core/ring_buffer.o
 .debug_frame   0x00000204       0x70 ../libopencm3/lib/libopencm3_stm32f4.a(gpio_common_f0234.o)
 .debug_frame   0x00000274       0xe0 ../libopencm3/lib/libopencm3_stm32f4.a(rcc_common_all.o)
 .debug_frame   0x00000354      0x234 ../libopencm3/lib/libopencm3_stm32f4.a(rcc.o)
 .debug_frame   0x00000588      0x4d8 ../libopencm3/lib/libopencm3_stm32f4.a(timer_common_all.o)
 .debug_frame   0x00000a60      0x1ec ../libopencm3/lib/libopencm3_stm32f4.a(usart_common_all.o)
 .debug_frame   0x00000c4c       0x60 ../libopencm3/lib/libopencm3_stm32f4.a(usart_common_f124.o)
 .debug_frame   0x00000cac       0x4c ../libopencm3/lib/libopencm3_stm32f4.a(vector.o)
 .debug_frame   0x00000cf8       0xd8 ../libopencm3/lib/libopencm3_stm32f4.a(systick.o)
 .debug_frame   0x00000dd0       0xa0 ../libopencm3/lib/libopencm3_stm32f4.a(nvic.o)
 .debug_frame   0x00000e70       0x50 ../libopencm3/lib/libopencm3_stm32f4.a(flash_common_all.o)
 .debug_frame   0x00000ec0       0x70 ../libopencm3/lib/libopencm3_stm32f4.a(flash_common_idcache.o)
 .debug_frame   0x00000f30       0x20 ../libopencm3/lib/libopencm3_stm32f4.a(pwr.o)

Cross Reference Table

Symbol                                            File
__fini_array_end                                  ../libopencm3/lib/libopencm3_stm32f4.a(vector.o)
__fini_array_start                                ../libopencm3/lib/libopencm3_stm32f4.a(vector.o)
__init_array_end                                  ../libopencm3/lib/libopencm3_stm32f4.a(vector.o)
__init_array_start                                ../libopencm3/lib/libopencm3_stm32f4.a(vector.o)
__preinit_array_end                               ../libopencm3/lib/libopencm3_stm32f4.a(vector.o)
__preinit_array_start                             ../libopencm3/lib/libopencm3_stm32f4.a(vector.o)
_data                                             ../libopencm3/lib/libopencm3_stm32f4.a(vector.o)
_data_loadaddr                                    ../libopencm3/lib/libopencm3_stm32f4.a(vector.o)
_ebss                                             ../libopencm3/lib/libopencm3_stm32f4.a(vector.o)
_edata                                            ../libopencm3/lib/libopencm3_stm32f4.a(vector.o)
_stack                                            ../libopencm3/lib/libopencm3_stm32f4.a(vector.o)
adc_isr                                           ../libopencm3/lib/libopencm3_stm32f4.a(vector.o)
blocking_handler                                  ../libopencm3/lib/libopencm3_stm32f4.a(vector.o)
bus_fault_handler                                 ../libopencm3/lib/libopencm3_stm32f4.a(vector.o)
can1_rx0_isr                                      ../libopencm3/lib/libopencm3_stm32f4.a(vector.o)
can1_rx1_isr                                      ../libopencm3/lib/libopencm3_stm32f4.a(vector.o)
can1_sce_isr                                      ../libopencm3/lib/libopencm3_stm32f4.a(vector.o)
can1_tx_isr                                       ../libopencm3/lib/libopencm3_stm32f4.a(vector.o)
can2_rx0_isr                                      ../libopencm3/lib/libopencm3_stm32f4.a(vector.o)
can2_rx1_isr                                      ../libopencm3/lib/libopencm3_stm32f4.a(vector.o)
can2_sce_isr                                      ../libopencm3/lib/libopencm3_stm32f4.a(vector.o)
can2_tx_isr                                       ../libopencm3/lib/libopencm3_stm32f4.a(vector.o)
cryp_isr                                          ../libopencm3/lib/libopencm3_stm32f4.a(vector.o)
dcmi_isr                                          ../libopencm3/lib/libopencm3_stm32f4.a(vector.o)
debug_monitor_handler                             ../libopencm3/lib/libopencm3_stm32f4.a(vector.o)
dma1_stream0_isr                                  ../libopencm3/lib/libopencm3_stm32f4.a(vector.o)
dma1_stream1_isr                                  ../libopencm3/lib/libopencm3_stm32f4.a(vector.o)
dma1_stream2_isr                                  ../libopencm3/lib/libopencm3_stm32f4.a(vector.o)
dma1_stream3_isr                                  ../libopencm3/lib/libopencm3_stm32f4.a(vector.o)
dma1_stream4_isr                                  ../libopencm3/lib/libopencm3_stm32f4.a(vector.o)
dma1_stream5_isr                                  ../libopencm3/lib/libopencm3_stm32f4.a(vector.o)
dma1_stream6_isr                                  ../libopencm3/lib/libopencm3_stm32f4.a(vector.o)
dma1_stream7_isr                                  ../libopencm3/lib/libopencm3_stm32f4.a(vector.o)
dma2_stream0_isr                                  ../libopencm3/lib/libopencm3_stm32f4.a(vector.o)
dma2_stream1_isr                                  ../libopencm3/lib/libopencm3_stm32f4.a(vector.o)
dma2_stream2_isr                                  ../libopencm3/lib/libopencm3_stm32f4.a(vector.o)
dma2_stream3_isr                                  ../libopencm3/lib/libopencm3_stm32f4.a(vector.o)
dma2_stream4_isr                                  ../libopencm3/lib/libopencm3_stm32f4.a(vector.o)
dma2_stream5_isr                                  ../libopencm3/lib/libopencm3_stm32f4.a(vector.o)
dma2_stream6_isr                                  ../libopencm3/lib/libopencm3_stm32f4.a(vector.o)
dma2_stream7_isr                                  ../libopencm3/lib/libopencm3_stm32f4.a(vector.o)
dma2d_isr                                         ../libopencm3/lib/libopencm3_stm32f4.a(vector.o)
eth_isr                                           ../libopencm3/lib/libopencm3_stm32f4.a(vector.o)
eth_wkup_isr                                      ../libopencm3/lib/libopencm3_stm32f4.a(vector.o)
exti0_isr                                         ../libopencm3/lib/libopencm3_stm32f4.a(vector.o)
exti15_10_isr                                     ../libopencm3/lib/libopencm3_stm32f4.a(vector.o)
exti1_isr                                         ../libopencm3/lib/libopencm3_stm32f4.a(vector.o)
exti2_isr                                         ../libopencm3/lib/libopencm3_stm32f4.a(vector.o)
exti3_isr                                         ../libopencm3/lib/libopencm3_stm32f4.a(vector.o)
exti4_isr                                         ../libopencm3/lib/libopencm3_stm32f4.a(vector.o)
exti9_5_isr                                       ../libopencm3/lib/libopencm3_stm32f4.a(vector.o)
flash_dcache_disable                              ../libopencm3/lib/libopencm3_stm32f4.a(flash_common_idcache.o)
                                                  ../libopencm3/lib/libopencm3_stm32f4.a(rcc.o)
flash_dcache_enable                               ../libopencm3/lib/libopencm3_stm32f4.a(flash_common_idcache.o)
                                                  ../libopencm3/lib/libopencm3_stm32f4.a(rcc.o)
flash_dcache_reset                                ../libopencm3/lib/libopencm3_stm32f4.a(flash_common_idcache.o)
flash_icache_disable                              ../libopencm3/lib/libopencm3_stm32f4.a(flash_common_idcache.o)
                                                  ../libopencm3/lib/libopencm3_stm32f4.a(rcc.o)
flash_icache_enable                               ../libopencm3/lib/libopencm3_stm32f4.a(flash_common_idcache.o)
                                                  ../libopencm3/lib/libopencm3_stm32f4.a(rcc.o)
flash_icache_reset                                ../libopencm3/lib/libopencm3_stm32f4.a(flash_common_idcache.o)
flash_isr                                         ../libopencm3/lib/libopencm3_stm32f4.a(vector.o)
flash_prefetch_disable                            ../libopencm3/lib/libopencm3_stm32f4.a(flash_common_all.o)
flash_prefetch_enable                             ../libopencm3/lib/libopencm3_stm32f4.a(flash_common_all.o)
flash_set_ws                                      ../libopencm3/lib/libopencm3_stm32f4.a(flash_common_all.o)
                                                  ../libopencm3/lib/libopencm3_stm32f4.a(rcc.o)
flash_unlock_option_bytes                         ../libopencm3/lib/libopencm3_stm32f4.a(flash_common_all.o)
fpu_isr                                           ../libopencm3/lib/libopencm3_stm32f4.a(vector.o)
fsmc_isr                                          ../libopencm3/lib/libopencm3_stm32f4.a(vector.o)
gpio_mode_setup                                   ../libopencm3/lib/libopencm3_stm32f4.a(gpio_common_f0234.o)
                                                  ../app/src/firmware.o
gpio_set_af                                       ../libopencm3/lib/libopencm3_stm32f4.a(gpio_common_f0234.o)
                                                  ../app/src/firmware.o
gpio_set_output_options                           ../libopencm3/lib/libopencm3_stm32f4.a(gpio_common_f0234.o)
hard_fault_handler                                ../libopencm3/lib/libopencm3_stm32f4.a(vector.o)
hash_rng_isr                                      ../libopencm3/lib/libopencm3_stm32f4.a(vector.o)
i2c1_er_isr                                       ../libopencm3/lib/libopencm3_stm32f4.a(vector.o)
i2c1_ev_isr                                       ../libopencm3/lib/libopencm3_stm32f4.a(vector.o)
i2c2_er_isr                                       ../libopencm3/lib/libopencm3_stm32f4.a(vector.o)
i2c2_ev_isr                                       ../libopencm3/lib/libopencm3_stm32f4.a(vector.o)
i2c3_er_isr                                       ../libopencm3/lib/libopencm3_stm32f4.a(vector.o)
i2c3_ev_isr                                       ../libopencm3/lib/libopencm3_stm32f4.a(vector.o)
lcd_tft_err_isr                                   ../libopencm3/lib/libopencm3_stm32f4.a(vector.o)
lcd_tft_isr                                       ../libopencm3/lib/libopencm3_stm32f4.a(vector.o)
main                                              ../app/src/firmware.o
                                                  ../libopencm3/lib/libopencm3_stm32f4.a(vector.o)
mem_manage_handler                                ../libopencm3/lib/libopencm3_stm32f4.a(vector.o)
nmi_handler                                       ../libopencm3/lib/libopencm3_stm32f4.a(vector.o)
null_handler                                      ../libopencm3/lib/libopencm3_stm32f4.a(vector.o)
nvic_clear_pending_irq                            ../libopencm3/lib/libopencm3_stm32f4.a(nvic.o)
nvic_disable_irq                                  ../libopencm3/lib/libopencm3_stm32f4.a(nvic.o)
nvic_enable_irq                                   ../libopencm3/lib/libopencm3_stm32f4.a(nvic.o)
                                                  ../shared/src/core/uart.o
nvic_generate_software_interrupt                  ../libopencm3/lib/libopencm3_stm32f4.a(nvic.o)
nvic_get_active_irq                               ../libopencm3/lib/libopencm3_stm32f4.a(nvic.o)
nvic_get_irq_enabled                              ../libopencm3/lib/libopencm3_stm32f4.a(nvic.o)
nvic_get_pending_irq                              ../libopencm3/lib/libopencm3_stm32f4.a(nvic.o)
nvic_set_pending_irq                              ../libopencm3/lib/libopencm3_stm32f4.a(nvic.o)
nvic_set_priority                                 ../libopencm3/lib/libopencm3_stm32f4.a(nvic.o)
nvic_wwdg_isr                                     ../libopencm3/lib/libopencm3_stm32f4.a(vector.o)
otg_fs_isr                                        ../libopencm3/lib/libopencm3_stm32f4.a(vector.o)
otg_hs_ep1_in_isr                                 ../libopencm3/lib/libopencm3_stm32f4.a(vector.o)
otg_hs_ep1_out_isr                                ../libopencm3/lib/libopencm3_stm32f4.a(vector.o)
otg_hs_isr                                        ../libopencm3/lib/libopencm3_stm32f4.a(vector.o)
otg_hs_wkup_isr                                   ../libopencm3/lib/libopencm3_stm32f4.a(vector.o)
pend_sv_handler                                   ../libopencm3/lib/libopencm3_stm32f4.a(vector.o)
pvd_isr                                           ../libopencm3/lib/libopencm3_stm32f4.a(vector.o)
pwr_set_vos_scale                                 ../libopencm3/lib/libopencm3_stm32f4.a(pwr.o)
                                                  ../libopencm3/lib/libopencm3_stm32f4.a(rcc.o)
rcc_ahb_frequency                                 ../libopencm3/lib/libopencm3_stm32f4.a(rcc.o)
rcc_apb1_frequency                                ../libopencm3/lib/libopencm3_stm32f4.a(rcc.o)
rcc_apb2_frequency                                ../libopencm3/lib/libopencm3_stm32f4.a(rcc.o)
rcc_clock_setup_hse_3v3                           ../libopencm3/lib/libopencm3_stm32f4.a(rcc.o)
rcc_clock_setup_pll                               ../libopencm3/lib/libopencm3_stm32f4.a(rcc.o)
                                                  ../shared/src/core/system.o
rcc_css_disable                                   ../libopencm3/lib/libopencm3_stm32f4.a(rcc.o)
rcc_css_enable                                    ../libopencm3/lib/libopencm3_stm32f4.a(rcc.o)
rcc_css_int_clear                                 ../libopencm3/lib/libopencm3_stm32f4.a(rcc.o)
rcc_css_int_flag                                  ../libopencm3/lib/libopencm3_stm32f4.a(rcc.o)
rcc_get_div_from_hpre                             ../libopencm3/lib/libopencm3_stm32f4.a(rcc_common_all.o)
rcc_get_i2c_clk_freq                              ../libopencm3/lib/libopencm3_stm32f4.a(rcc.o)
rcc_get_spi_clk_freq                              ../libopencm3/lib/libopencm3_stm32f4.a(rcc.o)
rcc_get_timer_clk_freq                            ../libopencm3/lib/libopencm3_stm32f4.a(rcc.o)
rcc_get_usart_clk_freq                            ../libopencm3/lib/libopencm3_stm32f4.a(rcc.o)
                                                  ../libopencm3/lib/libopencm3_stm32f4.a(usart_common_all.o)
rcc_hse_12mhz_3v3                                 ../libopencm3/lib/libopencm3_stm32f4.a(rcc.o)
rcc_hse_16mhz_3v3                                 ../libopencm3/lib/libopencm3_stm32f4.a(rcc.o)
rcc_hse_25mhz_3v3                                 ../libopencm3/lib/libopencm3_stm32f4.a(rcc.o)
rcc_hse_8mhz_3v3                                  ../libopencm3/lib/libopencm3_stm32f4.a(rcc.o)
rcc_hsi_configs                                   ../libopencm3/lib/libopencm3_stm32f4.a(rcc.o)
                                                  ../shared/src/core/system.o
rcc_is_osc_ready                                  ../libopencm3/lib/libopencm3_stm32f4.a(rcc.o)
rcc_isr                                           ../libopencm3/lib/libopencm3_stm32f4.a(vector.o)
rcc_osc_bypass_disable                            ../libopencm3/lib/libopencm3_stm32f4.a(rcc_common_all.o)
rcc_osc_bypass_enable                             ../libopencm3/lib/libopencm3_stm32f4.a(rcc_common_all.o)
rcc_osc_off                                       ../libopencm3/lib/libopencm3_stm32f4.a(rcc.o)
rcc_osc_on                                        ../libopencm3/lib/libopencm3_stm32f4.a(rcc.o)
rcc_osc_ready_int_clear                           ../libopencm3/lib/libopencm3_stm32f4.a(rcc.o)
rcc_osc_ready_int_disable                         ../libopencm3/lib/libopencm3_stm32f4.a(rcc.o)
rcc_osc_ready_int_enable                          ../libopencm3/lib/libopencm3_stm32f4.a(rcc.o)
rcc_osc_ready_int_flag                            ../libopencm3/lib/libopencm3_stm32f4.a(rcc.o)
rcc_periph_clock_disable                          ../libopencm3/lib/libopencm3_stm32f4.a(rcc_common_all.o)
rcc_periph_clock_enable                           ../libopencm3/lib/libopencm3_stm32f4.a(rcc_common_all.o)
                                                  ../libopencm3/lib/libopencm3_stm32f4.a(rcc.o)
                                                  ../shared/src/core/uart.o
                                                  ../app/src/timer.o
                                                  ../app/src/firmware.o
rcc_periph_reset_hold                             ../libopencm3/lib/libopencm3_stm32f4.a(rcc_common_all.o)
rcc_periph_reset_pulse                            ../libopencm3/lib/libopencm3_stm32f4.a(rcc_common_all.o)
rcc_periph_reset_release                          ../libopencm3/lib/libopencm3_stm32f4.a(rcc_common_all.o)
rcc_peripheral_clear_reset                        ../libopencm3/lib/libopencm3_stm32f4.a(rcc_common_all.o)
rcc_peripheral_disable_clock                      ../libopencm3/lib/libopencm3_stm32f4.a(rcc_common_all.o)
rcc_peripheral_enable_clock                       ../libopencm3/lib/libopencm3_stm32f4.a(rcc_common_all.o)
rcc_peripheral_reset                              ../libopencm3/lib/libopencm3_stm32f4.a(rcc_common_all.o)
rcc_plli2s_config                                 ../libopencm3/lib/libopencm3_stm32f4.a(rcc.o)
rcc_pllsai_config                                 ../libopencm3/lib/libopencm3_stm32f4.a(rcc.o)
rcc_pllsai_postscalers                            ../libopencm3/lib/libopencm3_stm32f4.a(rcc.o)
rcc_set_hpre                                      ../libopencm3/lib/libopencm3_stm32f4.a(rcc.o)
rcc_set_main_pll_hse                              ../libopencm3/lib/libopencm3_stm32f4.a(rcc.o)
rcc_set_main_pll_hsi                              ../libopencm3/lib/libopencm3_stm32f4.a(rcc.o)
rcc_set_mco                                       ../libopencm3/lib/libopencm3_stm32f4.a(rcc_common_all.o)
rcc_set_pll_source                                ../libopencm3/lib/libopencm3_stm32f4.a(rcc.o)
rcc_set_ppre1                                     ../libopencm3/lib/libopencm3_stm32f4.a(rcc.o)
rcc_set_ppre2                                     ../libopencm3/lib/libopencm3_stm32f4.a(rcc.o)
rcc_set_rtcpre                                    ../libopencm3/lib/libopencm3_stm32f4.a(rcc.o)
rcc_set_sysclk_source                             ../libopencm3/lib/libopencm3_stm32f4.a(rcc.o)
rcc_system_clock_source                           ../libopencm3/lib/libopencm3_stm32f4.a(rcc.o)
rcc_wait_for_osc_ready                            ../libopencm3/lib/libopencm3_stm32f4.a(rcc.o)
rcc_wait_for_sysclk_status                        ../libopencm3/lib/libopencm3_stm32f4.a(rcc.o)
reset_handler                                     ../libopencm3/lib/libopencm3_stm32f4.a(vector.o)
ring_buffer_empty                                 ../shared/src/core/ring_buffer.o
                                                  ../shared/src/core/uart.o
ring_buffer_read                                  ../shared/src/core/ring_buffer.o
                                                  ../shared/src/core/uart.o
ring_buffer_setup                                 ../shared/src/core/ring_buffer.o
                                                  ../shared/src/core/uart.o
ring_buffer_write                                 ../shared/src/core/ring_buffer.o
                                                  ../shared/src/core/uart.o
rtc_alarm_isr                                     ../libopencm3/lib/libopencm3_stm32f4.a(vector.o)
rtc_wkup_isr                                      ../libopencm3/lib/libopencm3_stm32f4.a(vector.o)
sai1_isr                                          ../libopencm3/lib/libopencm3_stm32f4.a(vector.o)
sdio_isr                                          ../libopencm3/lib/libopencm3_stm32f4.a(vector.o)
spi1_isr                                          ../libopencm3/lib/libopencm3_stm32f4.a(vector.o)
spi2_isr                                          ../libopencm3/lib/libopencm3_stm32f4.a(vector.o)
spi3_isr                                          ../libopencm3/lib/libopencm3_stm32f4.a(vector.o)
spi4_isr                                          ../libopencm3/lib/libopencm3_stm32f4.a(vector.o)
spi5_isr                                          ../libopencm3/lib/libopencm3_stm32f4.a(vector.o)
spi6_isr                                          ../libopencm3/lib/libopencm3_stm32f4.a(vector.o)
sv_call_handler                                   ../libopencm3/lib/libopencm3_stm32f4.a(vector.o)
sys_tick_handler                                  ../shared/src/core/system.o
system_delay                                      ../shared/src/core/system.o
                                                  ../app/src/firmware.o
system_get_ticks                                  ../shared/src/core/system.o
                                                  ../app/src/firmware.o
system_setup                                      ../shared/src/core/system.o
                                                  ../app/src/firmware.o
systick_clear                                     ../libopencm3/lib/libopencm3_stm32f4.a(systick.o)
systick_counter_disable                           ../libopencm3/lib/libopencm3_stm32f4.a(systick.o)
systick_counter_enable                            ../libopencm3/lib/libopencm3_stm32f4.a(systick.o)
                                                  ../shared/src/core/system.o
systick_get_calib                                 ../libopencm3/lib/libopencm3_stm32f4.a(systick.o)
systick_get_countflag                             ../libopencm3/lib/libopencm3_stm32f4.a(systick.o)
systick_get_reload                                ../libopencm3/lib/libopencm3_stm32f4.a(systick.o)
systick_get_value                                 ../libopencm3/lib/libopencm3_stm32f4.a(systick.o)
systick_interrupt_disable                         ../libopencm3/lib/libopencm3_stm32f4.a(systick.o)
systick_interrupt_enable                          ../libopencm3/lib/libopencm3_stm32f4.a(systick.o)
                                                  ../shared/src/core/system.o
systick_set_clocksource                           ../libopencm3/lib/libopencm3_stm32f4.a(systick.o)
systick_set_frequency                             ../libopencm3/lib/libopencm3_stm32f4.a(systick.o)
                                                  ../shared/src/core/system.o
systick_set_reload                                ../libopencm3/lib/libopencm3_stm32f4.a(systick.o)
tamp_stamp_isr                                    ../libopencm3/lib/libopencm3_stm32f4.a(vector.o)
tim1_brk_tim9_isr                                 ../libopencm3/lib/libopencm3_stm32f4.a(vector.o)
tim1_cc_isr                                       ../libopencm3/lib/libopencm3_stm32f4.a(vector.o)
tim1_trg_com_tim11_isr                            ../libopencm3/lib/libopencm3_stm32f4.a(vector.o)
tim1_up_tim10_isr                                 ../libopencm3/lib/libopencm3_stm32f4.a(vector.o)
tim2_isr                                          ../libopencm3/lib/libopencm3_stm32f4.a(vector.o)
tim3_isr                                          ../libopencm3/lib/libopencm3_stm32f4.a(vector.o)
tim4_isr                                          ../libopencm3/lib/libopencm3_stm32f4.a(vector.o)
tim5_isr                                          ../libopencm3/lib/libopencm3_stm32f4.a(vector.o)
tim6_dac_isr                                      ../libopencm3/lib/libopencm3_stm32f4.a(vector.o)
tim7_isr                                          ../libopencm3/lib/libopencm3_stm32f4.a(vector.o)
tim8_brk_tim12_isr                                ../libopencm3/lib/libopencm3_stm32f4.a(vector.o)
tim8_cc_isr                                       ../libopencm3/lib/libopencm3_stm32f4.a(vector.o)
tim8_trg_com_tim14_isr                            ../libopencm3/lib/libopencm3_stm32f4.a(vector.o)
tim8_up_tim13_isr                                 ../libopencm3/lib/libopencm3_stm32f4.a(vector.o)
timer_clear_flag                                  ../libopencm3/lib/libopencm3_stm32f4.a(timer_common_all.o)
timer_continuous_mode                             ../libopencm3/lib/libopencm3_stm32f4.a(timer_common_all.o)
timer_direction_down                              ../libopencm3/lib/libopencm3_stm32f4.a(timer_common_all.o)
timer_direction_up                                ../libopencm3/lib/libopencm3_stm32f4.a(timer_common_all.o)
timer_disable_break                               ../libopencm3/lib/libopencm3_stm32f4.a(timer_common_all.o)
timer_disable_break_automatic_output              ../libopencm3/lib/libopencm3_stm32f4.a(timer_common_all.o)
timer_disable_break_main_output                   ../libopencm3/lib/libopencm3_stm32f4.a(timer_common_all.o)
timer_disable_compare_control_update_on_trigger   ../libopencm3/lib/libopencm3_stm32f4.a(timer_common_all.o)
timer_disable_counter                             ../libopencm3/lib/libopencm3_stm32f4.a(timer_common_all.o)
timer_disable_irq                                 ../libopencm3/lib/libopencm3_stm32f4.a(timer_common_all.o)
timer_disable_oc_clear                            ../libopencm3/lib/libopencm3_stm32f4.a(timer_common_all.o)
timer_disable_oc_output                           ../libopencm3/lib/libopencm3_stm32f4.a(timer_common_all.o)
timer_disable_oc_preload                          ../libopencm3/lib/libopencm3_stm32f4.a(timer_common_all.o)
timer_disable_preload                             ../libopencm3/lib/libopencm3_stm32f4.a(timer_common_all.o)
timer_disable_preload_complementry_enable_bits    ../libopencm3/lib/libopencm3_stm32f4.a(timer_common_all.o)
timer_disable_update_event                        ../libopencm3/lib/libopencm3_stm32f4.a(timer_common_all.o)
timer_enable_break                                ../libopencm3/lib/libopencm3_stm32f4.a(timer_common_all.o)
timer_enable_break_automatic_output               ../libopencm3/lib/libopencm3_stm32f4.a(timer_common_all.o)
timer_enable_break_main_output                    ../libopencm3/lib/libopencm3_stm32f4.a(timer_common_all.o)
timer_enable_compare_control_update_on_trigger    ../libopencm3/lib/libopencm3_stm32f4.a(timer_common_all.o)
timer_enable_counter                              ../libopencm3/lib/libopencm3_stm32f4.a(timer_common_all.o)
                                                  ../app/src/timer.o
timer_enable_irq                                  ../libopencm3/lib/libopencm3_stm32f4.a(timer_common_all.o)
timer_enable_oc_clear                             ../libopencm3/lib/libopencm3_stm32f4.a(timer_common_all.o)
timer_enable_oc_output                            ../libopencm3/lib/libopencm3_stm32f4.a(timer_common_all.o)
                                                  ../app/src/timer.o
timer_enable_oc_preload                           ../libopencm3/lib/libopencm3_stm32f4.a(timer_common_all.o)
timer_enable_preload                              ../libopencm3/lib/libopencm3_stm32f4.a(timer_common_all.o)
timer_enable_preload_complementry_enable_bits     ../libopencm3/lib/libopencm3_stm32f4.a(timer_common_all.o)
timer_enable_update_event                         ../libopencm3/lib/libopencm3_stm32f4.a(timer_common_all.o)
timer_generate_event                              ../libopencm3/lib/libopencm3_stm32f4.a(timer_common_all.o)
timer_get_counter                                 ../libopencm3/lib/libopencm3_stm32f4.a(timer_common_all.o)
timer_get_flag                                    ../libopencm3/lib/libopencm3_stm32f4.a(timer_common_all.o)
timer_ic_disable                                  ../libopencm3/lib/libopencm3_stm32f4.a(timer_common_all.o)
timer_ic_enable                                   ../libopencm3/lib/libopencm3_stm32f4.a(timer_common_all.o)
timer_ic_set_filter                               ../libopencm3/lib/libopencm3_stm32f4.a(timer_common_all.o)
timer_ic_set_input                                ../libopencm3/lib/libopencm3_stm32f4.a(timer_common_all.o)
timer_ic_set_prescaler                            ../libopencm3/lib/libopencm3_stm32f4.a(timer_common_all.o)
timer_interrupt_source                            ../libopencm3/lib/libopencm3_stm32f4.a(timer_common_all.o)
timer_one_shot_mode                               ../libopencm3/lib/libopencm3_stm32f4.a(timer_common_all.o)
timer_pwm_set_duty_cycle                          ../app/src/timer.o
                                                  ../app/src/firmware.o
timer_reset_output_idle_state                     ../libopencm3/lib/libopencm3_stm32f4.a(timer_common_all.o)
timer_set_alignment                               ../libopencm3/lib/libopencm3_stm32f4.a(timer_common_all.o)
timer_set_break_lock                              ../libopencm3/lib/libopencm3_stm32f4.a(timer_common_all.o)
timer_set_break_polarity_high                     ../libopencm3/lib/libopencm3_stm32f4.a(timer_common_all.o)
timer_set_break_polarity_low                      ../libopencm3/lib/libopencm3_stm32f4.a(timer_common_all.o)
timer_set_clock_division                          ../libopencm3/lib/libopencm3_stm32f4.a(timer_common_all.o)
timer_set_counter                                 ../libopencm3/lib/libopencm3_stm32f4.a(timer_common_all.o)
timer_set_deadtime                                ../libopencm3/lib/libopencm3_stm32f4.a(timer_common_all.o)
timer_set_disabled_off_state_in_idle_mode         ../libopencm3/lib/libopencm3_stm32f4.a(timer_common_all.o)
timer_set_disabled_off_state_in_run_mode          ../libopencm3/lib/libopencm3_stm32f4.a(timer_common_all.o)
timer_set_dma_on_compare_event                    ../libopencm3/lib/libopencm3_stm32f4.a(timer_common_all.o)
timer_set_dma_on_update_event                     ../libopencm3/lib/libopencm3_stm32f4.a(timer_common_all.o)
timer_set_enabled_off_state_in_idle_mode          ../libopencm3/lib/libopencm3_stm32f4.a(timer_common_all.o)
timer_set_enabled_off_state_in_run_mode           ../libopencm3/lib/libopencm3_stm32f4.a(timer_common_all.o)
timer_set_master_mode                             ../libopencm3/lib/libopencm3_stm32f4.a(timer_common_all.o)
timer_set_mode                                    ../libopencm3/lib/libopencm3_stm32f4.a(timer_common_all.o)
                                                  ../app/src/timer.o
timer_set_oc_fast_mode                            ../libopencm3/lib/libopencm3_stm32f4.a(timer_common_all.o)
timer_set_oc_idle_state_set                       ../libopencm3/lib/libopencm3_stm32f4.a(timer_common_all.o)
timer_set_oc_idle_state_unset                     ../libopencm3/lib/libopencm3_stm32f4.a(timer_common_all.o)
timer_set_oc_mode                                 ../libopencm3/lib/libopencm3_stm32f4.a(timer_common_all.o)
                                                  ../app/src/timer.o
timer_set_oc_polarity_high                        ../libopencm3/lib/libopencm3_stm32f4.a(timer_common_all.o)
timer_set_oc_polarity_low                         ../libopencm3/lib/libopencm3_stm32f4.a(timer_common_all.o)
timer_set_oc_slow_mode                            ../libopencm3/lib/libopencm3_stm32f4.a(timer_common_all.o)
timer_set_oc_value                                ../libopencm3/lib/libopencm3_stm32f4.a(timer_common_all.o)
                                                  ../app/src/timer.o
timer_set_output_idle_state                       ../libopencm3/lib/libopencm3_stm32f4.a(timer_common_all.o)
timer_set_period                                  ../libopencm3/lib/libopencm3_stm32f4.a(timer_common_all.o)
                                                  ../app/src/timer.o
timer_set_prescaler                               ../libopencm3/lib/libopencm3_stm32f4.a(timer_common_all.o)
                                                  ../app/src/timer.o
timer_set_repetition_counter                      ../libopencm3/lib/libopencm3_stm32f4.a(timer_common_all.o)
timer_set_ti1_ch1                                 ../libopencm3/lib/libopencm3_stm32f4.a(timer_common_all.o)
timer_set_ti1_ch123_xor                           ../libopencm3/lib/libopencm3_stm32f4.a(timer_common_all.o)
timer_setup                                       ../app/src/timer.o
                                                  ../app/src/firmware.o
timer_slave_set_extclockmode2                     ../libopencm3/lib/libopencm3_stm32f4.a(timer_common_all.o)
timer_slave_set_filter                            ../libopencm3/lib/libopencm3_stm32f4.a(timer_common_all.o)
timer_slave_set_mode                              ../libopencm3/lib/libopencm3_stm32f4.a(timer_common_all.o)
timer_slave_set_polarity                          ../libopencm3/lib/libopencm3_stm32f4.a(timer_common_all.o)
timer_slave_set_prescaler                         ../libopencm3/lib/libopencm3_stm32f4.a(timer_common_all.o)
timer_slave_set_trigger                           ../libopencm3/lib/libopencm3_stm32f4.a(timer_common_all.o)
timer_update_on_any                               ../libopencm3/lib/libopencm3_stm32f4.a(timer_common_all.o)
timer_update_on_overflow                          ../libopencm3/lib/libopencm3_stm32f4.a(timer_common_all.o)
uart4_isr                                         ../libopencm3/lib/libopencm3_stm32f4.a(vector.o)
uart5_isr                                         ../libopencm3/lib/libopencm3_stm32f4.a(vector.o)
uart7_isr                                         ../libopencm3/lib/libopencm3_stm32f4.a(vector.o)
uart8_isr                                         ../libopencm3/lib/libopencm3_stm32f4.a(vector.o)
uart_data_available                               ../shared/src/core/uart.o
                                                  ../app/src/firmware.o
uart_read                                         ../shared/src/core/uart.o
uart_read_byte                                    ../shared/src/core/uart.o
                                                  ../app/src/firmware.o
uart_setup                                        ../shared/src/core/uart.o
                                                  ../app/src/firmware.o
uart_write                                        ../shared/src/core/uart.o
uart_write_byte                                   ../shared/src/core/uart.o
                                                  ../app/src/firmware.o
usage_fault_handler                               ../libopencm3/lib/libopencm3_stm32f4.a(vector.o)
usart1_isr                                        ../libopencm3/lib/libopencm3_stm32f4.a(vector.o)
usart2_isr                                        ../shared/src/core/uart.o
usart3_isr                                        ../libopencm3/lib/libopencm3_stm32f4.a(vector.o)
usart6_isr                                        ../libopencm3/lib/libopencm3_stm32f4.a(vector.o)
usart_disable                                     ../libopencm3/lib/libopencm3_stm32f4.a(usart_common_all.o)
usart_disable_error_interrupt                     ../libopencm3/lib/libopencm3_stm32f4.a(usart_common_all.o)
usart_disable_idle_interrupt                      ../libopencm3/lib/libopencm3_stm32f4.a(usart_common_all.o)
usart_disable_rx_dma                              ../libopencm3/lib/libopencm3_stm32f4.a(usart_common_all.o)
usart_disable_rx_interrupt                        ../libopencm3/lib/libopencm3_stm32f4.a(usart_common_all.o)
usart_disable_tx_complete_interrupt               ../libopencm3/lib/libopencm3_stm32f4.a(usart_common_all.o)
usart_disable_tx_dma                              ../libopencm3/lib/libopencm3_stm32f4.a(usart_common_all.o)
usart_disable_tx_interrupt                        ../libopencm3/lib/libopencm3_stm32f4.a(usart_common_all.o)
usart_enable                                      ../libopencm3/lib/libopencm3_stm32f4.a(usart_common_all.o)
                                                  ../shared/src/core/uart.o
usart_enable_error_interrupt                      ../libopencm3/lib/libopencm3_stm32f4.a(usart_common_all.o)
usart_enable_idle_interrupt                       ../libopencm3/lib/libopencm3_stm32f4.a(usart_common_all.o)
usart_enable_rx_dma                               ../libopencm3/lib/libopencm3_stm32f4.a(usart_common_all.o)
usart_enable_rx_interrupt                         ../libopencm3/lib/libopencm3_stm32f4.a(usart_common_all.o)
                                                  ../shared/src/core/uart.o
usart_enable_tx_complete_interrupt                ../libopencm3/lib/libopencm3_stm32f4.a(usart_common_all.o)
usart_enable_tx_dma                               ../libopencm3/lib/libopencm3_stm32f4.a(usart_common_all.o)
usart_enable_tx_interrupt                         ../libopencm3/lib/libopencm3_stm32f4.a(usart_common_all.o)
usart_get_databits                                ../libopencm3/lib/libopencm3_stm32f4.a(usart_common_all.o)
usart_get_flag                                    ../libopencm3/lib/libopencm3_stm32f4.a(usart_common_f124.o)
                                                  ../shared/src/core/uart.o
usart_get_parity                                  ../libopencm3/lib/libopencm3_stm32f4.a(usart_common_all.o)
usart_get_stopbits                                ../libopencm3/lib/libopencm3_stm32f4.a(usart_common_all.o)
usart_recv                                        ../libopencm3/lib/libopencm3_stm32f4.a(usart_common_f124.o)
                                                  ../libopencm3/lib/libopencm3_stm32f4.a(usart_common_all.o)
                                                  ../shared/src/core/uart.o
usart_recv_blocking                               ../libopencm3/lib/libopencm3_stm32f4.a(usart_common_all.o)
usart_send                                        ../libopencm3/lib/libopencm3_stm32f4.a(usart_common_f124.o)
                                                  ../libopencm3/lib/libopencm3_stm32f4.a(usart_common_all.o)
usart_send_blocking                               ../libopencm3/lib/libopencm3_stm32f4.a(usart_common_all.o)
                                                  ../shared/src/core/uart.o
usart_set_baudrate                                ../libopencm3/lib/libopencm3_stm32f4.a(usart_common_all.o)
                                                  ../shared/src/core/uart.o
usart_set_databits                                ../libopencm3/lib/libopencm3_stm32f4.a(usart_common_all.o)
                                                  ../shared/src/core/uart.o
usart_set_flow_control                            ../libopencm3/lib/libopencm3_stm32f4.a(usart_common_all.o)
                                                  ../shared/src/core/uart.o
usart_set_mode                                    ../libopencm3/lib/libopencm3_stm32f4.a(usart_common_all.o)
                                                  ../shared/src/core/uart.o
usart_set_parity                                  ../libopencm3/lib/libopencm3_stm32f4.a(usart_common_all.o)
                                                  ../shared/src/core/uart.o
usart_set_stopbits                                ../libopencm3/lib/libopencm3_stm32f4.a(usart_common_all.o)
                                                  ../shared/src/core/uart.o
usart_wait_recv_ready                             ../libopencm3/lib/libopencm3_stm32f4.a(usart_common_f124.o)
                                                  ../libopencm3/lib/libopencm3_stm32f4.a(usart_common_all.o)
usart_wait_send_ready                             ../libopencm3/lib/libopencm3_stm32f4.a(usart_common_f124.o)
                                                  ../libopencm3/lib/libopencm3_stm32f4.a(usart_common_all.o)
usb_fs_wkup_isr                                   ../libopencm3/lib/libopencm3_stm32f4.a(vector.o)
vector_table                                      ../libopencm3/lib/libopencm3_stm32f4.a(vector.o)
